


ARM Macro Assembler    Page 1 


    1 00000000         ;*******************************************************
                       **************************************
    2 00000000         ;Copyright <2024> <Icore Technology (Nanjing)  Co.,Ltd>
    3 00000000         ;All Rights Reserved,
    4 00000000         ;Redistribution and use in source and binary forms, with
                        or without modification, are ;permitted
    5 00000000         ;provided that the following conditions are met:
    6 00000000         ;1. Redistributions of source code must retain the above
                        copyright notice, this list of
    7 00000000         ;conditions and the following disclaimer.
    8 00000000         ;2. Redistributions in binary form must reproduce the ab
                       ove copyright notice, this list of
    9 00000000         ;conditions and the following disclaimer in the document
                       ation and/or other materials ;provided 
   10 00000000         ;with the distribution.
   11 00000000         ;3. Neither the name of the copyright holder nor the nam
                       es of its contributors may be ;used to 
   12 00000000         ;endorse or promote products derived from this software 
                       without specific prior written
   13 00000000         ;permission.
   14 00000000         ;THIS SOFTWARE IS PROVIDED BY THE COPYRIGHT HOLDERS AND 
                       CONTRIBUTORS ;"AS IS" AND ANY EXPRESS 
   15 00000000         ;OR IMPLIED WARRANTIES, INCLUDING, BUT NOT LIMITED TO, T
                       HE IMPLIED ;WARRANTIES OF 
   16 00000000         ;MERCHANTABILITY AND FITNESS FOR A PARTICULAR PURPOSE AR
                       E DISCLAIMED. IN ;NO EVENT SHALL THE 
   17 00000000         ;COPYRIGHT HOLDER OR CONTRIBUTORS BE LIABLE FOR ANY DIRE
                       CT, INDIRECT, ;INCIDENTAL, SPECIAL, 
   18 00000000         ;EXEMPLARY, OR CONSEQUENTIAL DAMAGES (INCLUDING, BUT NOT
                        LIMITED TO, ;PROCUREMENT OF SUBSTITUTE 
   19 00000000         ;GOODS OR SERVICES; LOSS OF USE, DATA, OR PROFITS; OR BU
                       SINESS ;INTERRUPTION) HOWEVER CAUSED 
   20 00000000         ;AND ON ANY THEORY OF LIABILITY, WHETHER IN CONTRACT, ST
                       RICT LIABILITY, OR ;TORT (INCLUDING 
   21 00000000         ;NEGLIGENCE OR OTHERWISE) ARISING IN ANY WAY OUT OF THE 
                       USE OF THIS ;SOFTWARE, EVEN IF ADVISED 
   22 00000000         ;OF THE POSSIBILITY OF SUCH DAMAGE.
   23 00000000         ;*******************************************************
                       ***************************************/
   24 00000000         ;/*
   25 00000000         ;*******************************************************
                       **************************************************
   26 00000000         ;*                                             rx32h6xx
   27 00000000         ;*                                         Library Funct
                       ion
   28 00000000         ;*
   29 00000000         ;*                                  Copyright 2024, RX T
                       ech, Corp.
   30 00000000         ;*                                       All Rights Rese
                       rved
   31 00000000         ;*
   32 00000000         ;*
   33 00000000         ;* Project      : rx32h6xx
   34 00000000         ;* File         : startup_rx32h6xx.s
   35 00000000         ;* By           : SocTeam
   36 00000000         ;* Version      : 
   37 00000000         ;* Description  :
   38 00000000         ;*******************************************************
                       **************************************************



ARM Macro Assembler    Page 2 


   39 00000000         ;*/
   40 00000000         
   41 00000000         ; <h> Stack Configuration
   42 00000000         ;   <o> Stack Size (in Bytes) <0x0-0xFFFFFFFF:8>
   43 00000000         ; </h>
   44 00000000         
   45 00000000 00000400 
                       Stack_Size
                               EQU              0x00000400
   46 00000000         
   47 00000000                 AREA             STACK, NOINIT, READWRITE, ALIGN
=3
   48 00000000         Stack_Mem
                               SPACE            Stack_Size
   49 00000400         __initial_sp
   50 00000400         
   51 00000400         
   52 00000400         ; <h> Heap Configuration
   53 00000400         ;   <o>  Heap Size (in Bytes) <0x0-0xFFFFFFFF:8>
   54 00000400         ; </h>
   55 00000400         
   56 00000400 00000000 
                       Heap_Size
                               EQU              0x00000000
   57 00000400         
   58 00000400                 AREA             HEAP, NOINIT, READWRITE, ALIGN=
3
   59 00000000         __heap_base
   60 00000000         Heap_Mem
                               SPACE            Heap_Size
   61 00000000         __heap_limit
   62 00000000         
   63 00000000         
   64 00000000                 PRESERVE8
   65 00000000                 THUMB
   66 00000000         
   67 00000000         ; Vector Table Mapped to Address 0 at Reset
   68 00000000                 AREA             RESET, DATA, READONLY
   69 00000000                 EXPORT           __Vectors
   70 00000000         
   71 00000000 00000000 
                       __Vectors
                               DCD              __initial_sp ; Top of Stack
   72 00000004 00000000        DCD              Reset_Handler ; Reset Handler
   73 00000008 00000000        DCD              NMI_Handler ; NMI Handler
   74 0000000C 00000000        DCD              HardFault_Handler ; Hard Fault 
                                                            Handler
   75 00000010 00000000        DCD              0           ; Reserved
   76 00000014 00000000        DCD              0           ; Reserved
   77 00000018 00000000        DCD              0           ; Reserved
   78 0000001C 00000000        DCD              0           ; Reserved
   79 00000020 00000000        DCD              0           ; Reserved
   80 00000024 00000000        DCD              0           ; Reserved
   81 00000028 00000000        DCD              0           ; Reserved
   82 0000002C 00000000        DCD              SVC_Handler ; SVCall Handler
   83 00000030 00000000        DCD              0           ; Reserved
   84 00000034 00000000        DCD              0           ; Reserved
   85 00000038 00000000        DCD              PendSV_Handler ; PendSV Handler
                                                            



ARM Macro Assembler    Page 3 


   86 0000003C 00000000        DCD              SysTick_Handler 
                                                            ; SysTick Handler
   87 00000040         
   88 00000040         ; External Interrupts
   89 00000040 00000000        DCD              0           ; 16+ 0: Reserved
   90 00000044 00000000        DCD              PVD_IRQHandler ; 16+ 1: PVD
   91 00000048 00000000        DCD              RTC_IRQHandler ; 16+ 2: RTC
   92 0000004C 00000000        DCD              FLASH_IRQHandler ; 16+ 3: FLASH
                                                            
   93 00000050 00000000        DCD              RCC_IRQHandler ; 16+ 4: RCC
   94 00000054 00000000        DCD              EXTI0_3_IRQHandler 
                                                            ; 16+ 5: EXTI0_3
   95 00000058 00000000        DCD              EXTI4_7_IRQHandler 
                                                            ; 16+ 6: EXTI4_7
   96 0000005C 00000000        DCD              0           ; 16+ 7: Reserved
   97 00000060 00000000        DCD              0           ; 16+ 8: Reserved
   98 00000064 00000000        DCD              0           ; 16+ 9: Reserved
   99 00000068 00000000        DCD              0           ; 16+10: Reserved
  100 0000006C 00000000        DCD              0           ; 16+11: Reserved
  101 00000070 00000000        DCD              ADC_IRQHandler ; 16+12: ADC
  102 00000074 00000000        DCD              TIM8_BRK_UP_TRG_COM_IRQHandler 
                                                            ; 16+13: TIM8_BRK_U
                                                            P_TRG_COM
  103 00000078 00000000        DCD              TIM8_CC_IRQHandler 
                                                            ; 16+14: TIM8_CC
  104 0000007C 00000000        DCD              TIM2_IRQHandler ; 16+15: TIM2
  105 00000080 00000000        DCD              TIM3_IRQHandler ; 16+16: TIM3
  106 00000084 00000000        DCD              TIM6_IRQHandler ; 16+17: TIM6
  107 00000088 00000000        DCD              TIM7_IRQHandler ; 16+18: TIM7
  108 0000008C 00000000        DCD              0           ; 16+19: Reserved
  109 00000090 00000000        DCD              TIM15_IRQHandler ; 16+20: TIM15
                                                            
  110 00000094 00000000        DCD              CMP1_IRQHandler ; 16+21: CMP1
  111 00000098 00000000        DCD              CMP2_IRQHandler ; 16+22: CMP2
  112 0000009C 00000000        DCD              I2C1_IRQHandler ; 16+23: I2C1
  113 000000A0 00000000        DCD              0           ; 16+24: Reserved
  114 000000A4 00000000        DCD              SPI1_IRQHandler ; 16+25: SPI1
  115 000000A8 00000000        DCD              0           ; 16+26: Reserved
  116 000000AC 00000000        DCD              UART1_IRQHandler ; 16+27: UART1
                                                            
  117 000000B0 00000000        DCD              UART2_IRQHandler ; 16+28: UART2
                                                            
  118 000000B4 00000000        DCD              0           ; 16+29: Reserved
  119 000000B8 00000000        DCD              0           ; 16+30: CAN
  120 000000BC 00000000        DCD              0           ; 16+31: Reserved
  121 000000C0         
  122 000000C0         ;                IF      :LNOT::DEF:NO_CRP
  123 000000C0         ;                AREA    |.ARM.__at_0x0FC0|, CODE, READO
                       NLY
  124 000000C0         ;; FLASH加密使用此CODE
  125 000000C0         ;; CRP_Key         DCD     0xFAFF00A2
  126 000000C0         ;                
  127 000000C0         ;; FLASH不加密使用此CODE
  128 000000C0         ;CRP_Key         DCD     0xFAF5FFA2
  129 000000C0         ;                ENDIF
  130 000000C0         
  131 000000C0         
  132 000000C0                 AREA             |.text|, CODE, READONLY
  133 00000000         



ARM Macro Assembler    Page 4 


  134 00000000         
  135 00000000         ; Reset Handler
  136 00000000 FFFFFFFF 
                       _RDefault
                               EQU              0xFFFFFFFF
  137 00000000         Reset_Handler
                               PROC
  138 00000000                 EXPORT           Reset_Handler             [WEAK
]
  139 00000000                 IMPORT           SystemInit
  140 00000000                 IMPORT           __main
  141 00000000 4908            LDR              R1, =_RDefault
  142 00000002 4809            LDR              R0, =SystemInit
  143 00000004 4780            BLX              R0
  144 00000006 4809            LDR              R0, =__main
  145 00000008 4700            BX               R0
  146 0000000A                 ENDP
  147 0000000A         
  148 0000000A         
  149 0000000A         ; Dummy Exception Handlers (infinite loops which can be 
                       modified)
  150 0000000A         
  151 0000000A         ; now, under COMMON NMI.c and NMI.h, a real NMI handler 
                       is created if NMI is enabled
  152 0000000A         ; for particular peripheral.
  153 0000000A         NMI_Handler
                               PROC
  154 0000000A                 EXPORT           NMI_Handler                [WEA
K]
  155 0000000A E7FE            B                .
  156 0000000C                 ENDP
  158 0000000C         HardFault_Handler
                               PROC
  159 0000000C                 EXPORT           HardFault_Handler          [WEA
K]
  160 0000000C E7FE            B                .
  161 0000000E                 ENDP
  162 0000000E         SVC_Handler
                               PROC
  163 0000000E                 EXPORT           SVC_Handler                [WEA
K]
  164 0000000E E7FE            B                .
  165 00000010                 ENDP
  166 00000010         PendSV_Handler
                               PROC
  167 00000010                 EXPORT           PendSV_Handler             [WEA
K]
  168 00000010 E7FE            B                .
  169 00000012                 ENDP
  170 00000012         SysTick_Handler
                               PROC
  171 00000012                 EXPORT           SysTick_Handler            [WEA
K]
  172 00000012 E7FE            B                .
  173 00000014                 ENDP
  174 00000014         
  175 00000014         Default_Handler
                               PROC
  176 00000014         



ARM Macro Assembler    Page 5 


  177 00000014                 EXPORT           NMI_Handler                    
 [WEAK]
  178 00000014                 EXPORT           PVD_IRQHandler                 
 [WEAK]
  179 00000014                 EXPORT           RTC_IRQHandler                 
 [WEAK]
  180 00000014                 EXPORT           FLASH_IRQHandler               
 [WEAK]
  181 00000014                 EXPORT           RCC_IRQHandler                 
 [WEAK]
  182 00000014                 EXPORT           EXTI0_3_IRQHandler             
 [WEAK]
  183 00000014                 EXPORT           EXTI4_7_IRQHandler             
 [WEAK]
  184 00000014                 EXPORT           ADC_IRQHandler                 
 [WEAK]
  185 00000014                 EXPORT           TIM8_BRK_UP_TRG_COM_IRQHandler 
 [WEAK]
  186 00000014                 EXPORT           TIM8_CC_IRQHandler             
 [WEAK]
  187 00000014                 EXPORT           TIM2_IRQHandler                
 [WEAK]
  188 00000014                 EXPORT           TIM3_IRQHandler                
 [WEAK]
  189 00000014                 EXPORT           TIM6_IRQHandler                
 [WEAK]
  190 00000014                 EXPORT           TIM7_IRQHandler                
 [WEAK]
  191 00000014                 EXPORT           TIM15_IRQHandler               
 [WEAK]
  192 00000014                 EXPORT           CMP1_IRQHandler                
 [WEAK]
  193 00000014                 EXPORT           CMP2_IRQHandler                
 [WEAK]
  194 00000014                 EXPORT           I2C1_IRQHandler                
 [WEAK]
  195 00000014                 EXPORT           SPI1_IRQHandler                
 [WEAK]
  196 00000014                 EXPORT           UART1_IRQHandler               
 [WEAK]
  197 00000014                 EXPORT           UART2_IRQHandler               
 [WEAK]
  198 00000014         
  199 00000014         
  200 00000014         
  201 00000014         PVD_IRQHandler
  202 00000014         RTC_IRQHandler
  203 00000014         FLASH_IRQHandler
  204 00000014         RCC_IRQHandler
  205 00000014         EXTI0_3_IRQHandler
  206 00000014         EXTI4_7_IRQHandler
  207 00000014         ADC_IRQHandler
  208 00000014         TIM8_BRK_UP_TRG_COM_IRQHandler
  209 00000014         TIM8_CC_IRQHandler
  210 00000014         TIM2_IRQHandler
  211 00000014         TIM3_IRQHandler
  212 00000014         TIM6_IRQHandler
  213 00000014         TIM7_IRQHandler
  214 00000014         TIM15_IRQHandler



ARM Macro Assembler    Page 6 


  215 00000014         CMP1_IRQHandler
  216 00000014         CMP2_IRQHandler
  217 00000014         I2C1_IRQHandler
  218 00000014         SPI1_IRQHandler
  219 00000014         UART1_IRQHandler
  220 00000014         UART2_IRQHandler
  221 00000014         
  222 00000014         
  223 00000014         
  224 00000014 E7FE            B                .
  225 00000016         
  226 00000016                 ENDP
  227 00000016         
  228 00000016         
  229 00000016 00 00           ALIGN
  230 00000018         
  231 00000018         
  232 00000018         ; User Initial Stack & Heap
  233 00000018         
  234 00000018                 IF               :DEF:__MICROLIB
  241 00000018         
  242 00000018                 IMPORT           __use_two_region_memory
  243 00000018                 EXPORT           __user_initial_stackheap
  244 00000018         __user_initial_stackheap
  245 00000018         
  246 00000018 4805            LDR              R0, =  Heap_Mem
  247 0000001A 4906            LDR              R1, =(Stack_Mem + Stack_Size)
  248 0000001C 4A04            LDR              R2, = (Heap_Mem +  Heap_Size)
  249 0000001E 4B06            LDR              R3, = Stack_Mem
  250 00000020 4770            BX               LR
  251 00000022         
  252 00000022 00 00           ALIGN
  253 00000024         
  254 00000024                 ENDIF
  255 00000024         
  256 00000024         
  257 00000024                 END
              FFFFFFFF 
              00000000 
              00000000 
              00000000 
              00000400 
              00000000 
Command Line: --debug --xref --diag_suppress=9931 --cpu=Cortex-M0 --apcs=interw
ork --depend=.\objects\startup_rx32h6xx.d -o.\objects\startup_rx32h6xx.o --pred
efine="__UVISION_VERSION SETA 535" --list=.\listings\startup_rx32h6xx.lst ..\..
\1_MCU\1_RX32H6\10_device\103_start\startup_rx32h6xx.s



ARM Macro Assembler    Page 1 Alphabetic symbol ordering
Relocatable symbols

STACK 00000000

Symbol: STACK
   Definitions
      At line 47 in file ..\..\1_MCU\1_RX32H6\10_device\103_start\startup_rx32h
6xx.s
   Uses
      None
Comment: STACK unused
Stack_Mem 00000000

Symbol: Stack_Mem
   Definitions
      At line 48 in file ..\..\1_MCU\1_RX32H6\10_device\103_start\startup_rx32h
6xx.s
   Uses
      At line 247 in file ..\..\1_MCU\1_RX32H6\10_device\103_start\startup_rx32
h6xx.s
      At line 249 in file ..\..\1_MCU\1_RX32H6\10_device\103_start\startup_rx32
h6xx.s

__initial_sp 00000400

Symbol: __initial_sp
   Definitions
      At line 49 in file ..\..\1_MCU\1_RX32H6\10_device\103_start\startup_rx32h
6xx.s
   Uses
      At line 71 in file ..\..\1_MCU\1_RX32H6\10_device\103_start\startup_rx32h
6xx.s
Comment: __initial_sp used once
3 symbols



ARM Macro Assembler    Page 1 Alphabetic symbol ordering
Relocatable symbols

HEAP 00000000

Symbol: HEAP
   Definitions
      At line 58 in file ..\..\1_MCU\1_RX32H6\10_device\103_start\startup_rx32h
6xx.s
   Uses
      None
Comment: HEAP unused
Heap_Mem 00000000

Symbol: Heap_Mem
   Definitions
      At line 60 in file ..\..\1_MCU\1_RX32H6\10_device\103_start\startup_rx32h
6xx.s
   Uses
      At line 246 in file ..\..\1_MCU\1_RX32H6\10_device\103_start\startup_rx32
h6xx.s
      At line 248 in file ..\..\1_MCU\1_RX32H6\10_device\103_start\startup_rx32
h6xx.s

__heap_base 00000000

Symbol: __heap_base
   Definitions
      At line 59 in file ..\..\1_MCU\1_RX32H6\10_device\103_start\startup_rx32h
6xx.s
   Uses
      None
Comment: __heap_base unused
__heap_limit 00000000

Symbol: __heap_limit
   Definitions
      At line 61 in file ..\..\1_MCU\1_RX32H6\10_device\103_start\startup_rx32h
6xx.s
   Uses
      None
Comment: __heap_limit unused
4 symbols



ARM Macro Assembler    Page 1 Alphabetic symbol ordering
Relocatable symbols

RESET 00000000

Symbol: RESET
   Definitions
      At line 68 in file ..\..\1_MCU\1_RX32H6\10_device\103_start\startup_rx32h
6xx.s
   Uses
      None
Comment: RESET unused
__Vectors 00000000

Symbol: __Vectors
   Definitions
      At line 71 in file ..\..\1_MCU\1_RX32H6\10_device\103_start\startup_rx32h
6xx.s
   Uses
      At line 69 in file ..\..\1_MCU\1_RX32H6\10_device\103_start\startup_rx32h
6xx.s
Comment: __Vectors used once
2 symbols



ARM Macro Assembler    Page 1 Alphabetic symbol ordering
Relocatable symbols

.text 00000000

Symbol: .text
   Definitions
      At line 132 in file ..\..\1_MCU\1_RX32H6\10_device\103_start\startup_rx32
h6xx.s
   Uses
      None
Comment: .text unused
ADC_IRQHandler 00000014

Symbol: ADC_IRQHandler
   Definitions
      At line 207 in file ..\..\1_MCU\1_RX32H6\10_device\103_start\startup_rx32
h6xx.s
   Uses
      At line 101 in file ..\..\1_MCU\1_RX32H6\10_device\103_start\startup_rx32
h6xx.s
      At line 184 in file ..\..\1_MCU\1_RX32H6\10_device\103_start\startup_rx32
h6xx.s

CMP1_IRQHandler 00000014

Symbol: CMP1_IRQHandler
   Definitions
      At line 215 in file ..\..\1_MCU\1_RX32H6\10_device\103_start\startup_rx32
h6xx.s
   Uses
      At line 110 in file ..\..\1_MCU\1_RX32H6\10_device\103_start\startup_rx32
h6xx.s
      At line 192 in file ..\..\1_MCU\1_RX32H6\10_device\103_start\startup_rx32
h6xx.s

CMP2_IRQHandler 00000014

Symbol: CMP2_IRQHandler
   Definitions
      At line 216 in file ..\..\1_MCU\1_RX32H6\10_device\103_start\startup_rx32
h6xx.s
   Uses
      At line 111 in file ..\..\1_MCU\1_RX32H6\10_device\103_start\startup_rx32
h6xx.s
      At line 193 in file ..\..\1_MCU\1_RX32H6\10_device\103_start\startup_rx32
h6xx.s

Default_Handler 00000014

Symbol: Default_Handler
   Definitions
      At line 175 in file ..\..\1_MCU\1_RX32H6\10_device\103_start\startup_rx32
h6xx.s
   Uses
      None
Comment: Default_Handler unused
EXTI0_3_IRQHandler 00000014

Symbol: EXTI0_3_IRQHandler
   Definitions
      At line 205 in file ..\..\1_MCU\1_RX32H6\10_device\103_start\startup_rx32



ARM Macro Assembler    Page 2 Alphabetic symbol ordering
Relocatable symbols

h6xx.s
   Uses
      At line 94 in file ..\..\1_MCU\1_RX32H6\10_device\103_start\startup_rx32h
6xx.s
      At line 182 in file ..\..\1_MCU\1_RX32H6\10_device\103_start\startup_rx32
h6xx.s

EXTI4_7_IRQHandler 00000014

Symbol: EXTI4_7_IRQHandler
   Definitions
      At line 206 in file ..\..\1_MCU\1_RX32H6\10_device\103_start\startup_rx32
h6xx.s
   Uses
      At line 95 in file ..\..\1_MCU\1_RX32H6\10_device\103_start\startup_rx32h
6xx.s
      At line 183 in file ..\..\1_MCU\1_RX32H6\10_device\103_start\startup_rx32
h6xx.s

FLASH_IRQHandler 00000014

Symbol: FLASH_IRQHandler
   Definitions
      At line 203 in file ..\..\1_MCU\1_RX32H6\10_device\103_start\startup_rx32
h6xx.s
   Uses
      At line 92 in file ..\..\1_MCU\1_RX32H6\10_device\103_start\startup_rx32h
6xx.s
      At line 180 in file ..\..\1_MCU\1_RX32H6\10_device\103_start\startup_rx32
h6xx.s

HardFault_Handler 0000000C

Symbol: HardFault_Handler
   Definitions
      At line 158 in file ..\..\1_MCU\1_RX32H6\10_device\103_start\startup_rx32
h6xx.s
   Uses
      At line 74 in file ..\..\1_MCU\1_RX32H6\10_device\103_start\startup_rx32h
6xx.s
      At line 159 in file ..\..\1_MCU\1_RX32H6\10_device\103_start\startup_rx32
h6xx.s

I2C1_IRQHandler 00000014

Symbol: I2C1_IRQHandler
   Definitions
      At line 217 in file ..\..\1_MCU\1_RX32H6\10_device\103_start\startup_rx32
h6xx.s
   Uses
      At line 112 in file ..\..\1_MCU\1_RX32H6\10_device\103_start\startup_rx32
h6xx.s
      At line 194 in file ..\..\1_MCU\1_RX32H6\10_device\103_start\startup_rx32
h6xx.s

NMI_Handler 0000000A

Symbol: NMI_Handler
   Definitions



ARM Macro Assembler    Page 3 Alphabetic symbol ordering
Relocatable symbols

      At line 153 in file ..\..\1_MCU\1_RX32H6\10_device\103_start\startup_rx32
h6xx.s
   Uses
      At line 73 in file ..\..\1_MCU\1_RX32H6\10_device\103_start\startup_rx32h
6xx.s
      At line 154 in file ..\..\1_MCU\1_RX32H6\10_device\103_start\startup_rx32
h6xx.s
      At line 177 in file ..\..\1_MCU\1_RX32H6\10_device\103_start\startup_rx32
h6xx.s

PVD_IRQHandler 00000014

Symbol: PVD_IRQHandler
   Definitions
      At line 201 in file ..\..\1_MCU\1_RX32H6\10_device\103_start\startup_rx32
h6xx.s
   Uses
      At line 90 in file ..\..\1_MCU\1_RX32H6\10_device\103_start\startup_rx32h
6xx.s
      At line 178 in file ..\..\1_MCU\1_RX32H6\10_device\103_start\startup_rx32
h6xx.s

PendSV_Handler 00000010

Symbol: PendSV_Handler
   Definitions
      At line 166 in file ..\..\1_MCU\1_RX32H6\10_device\103_start\startup_rx32
h6xx.s
   Uses
      At line 85 in file ..\..\1_MCU\1_RX32H6\10_device\103_start\startup_rx32h
6xx.s
      At line 167 in file ..\..\1_MCU\1_RX32H6\10_device\103_start\startup_rx32
h6xx.s

RCC_IRQHandler 00000014

Symbol: RCC_IRQHandler
   Definitions
      At line 204 in file ..\..\1_MCU\1_RX32H6\10_device\103_start\startup_rx32
h6xx.s
   Uses
      At line 93 in file ..\..\1_MCU\1_RX32H6\10_device\103_start\startup_rx32h
6xx.s
      At line 181 in file ..\..\1_MCU\1_RX32H6\10_device\103_start\startup_rx32
h6xx.s

RTC_IRQHandler 00000014

Symbol: RTC_IRQHandler
   Definitions
      At line 202 in file ..\..\1_MCU\1_RX32H6\10_device\103_start\startup_rx32
h6xx.s
   Uses
      At line 91 in file ..\..\1_MCU\1_RX32H6\10_device\103_start\startup_rx32h
6xx.s
      At line 179 in file ..\..\1_MCU\1_RX32H6\10_device\103_start\startup_rx32
h6xx.s

Reset_Handler 00000000



ARM Macro Assembler    Page 4 Alphabetic symbol ordering
Relocatable symbols


Symbol: Reset_Handler
   Definitions
      At line 137 in file ..\..\1_MCU\1_RX32H6\10_device\103_start\startup_rx32
h6xx.s
   Uses
      At line 72 in file ..\..\1_MCU\1_RX32H6\10_device\103_start\startup_rx32h
6xx.s
      At line 138 in file ..\..\1_MCU\1_RX32H6\10_device\103_start\startup_rx32
h6xx.s

SPI1_IRQHandler 00000014

Symbol: SPI1_IRQHandler
   Definitions
      At line 218 in file ..\..\1_MCU\1_RX32H6\10_device\103_start\startup_rx32
h6xx.s
   Uses
      At line 114 in file ..\..\1_MCU\1_RX32H6\10_device\103_start\startup_rx32
h6xx.s
      At line 195 in file ..\..\1_MCU\1_RX32H6\10_device\103_start\startup_rx32
h6xx.s

SVC_Handler 0000000E

Symbol: SVC_Handler
   Definitions
      At line 162 in file ..\..\1_MCU\1_RX32H6\10_device\103_start\startup_rx32
h6xx.s
   Uses
      At line 82 in file ..\..\1_MCU\1_RX32H6\10_device\103_start\startup_rx32h
6xx.s
      At line 163 in file ..\..\1_MCU\1_RX32H6\10_device\103_start\startup_rx32
h6xx.s

SysTick_Handler 00000012

Symbol: SysTick_Handler
   Definitions
      At line 170 in file ..\..\1_MCU\1_RX32H6\10_device\103_start\startup_rx32
h6xx.s
   Uses
      At line 86 in file ..\..\1_MCU\1_RX32H6\10_device\103_start\startup_rx32h
6xx.s
      At line 171 in file ..\..\1_MCU\1_RX32H6\10_device\103_start\startup_rx32
h6xx.s

TIM15_IRQHandler 00000014

Symbol: TIM15_IRQHandler
   Definitions
      At line 214 in file ..\..\1_MCU\1_RX32H6\10_device\103_start\startup_rx32
h6xx.s
   Uses
      At line 109 in file ..\..\1_MCU\1_RX32H6\10_device\103_start\startup_rx32
h6xx.s
      At line 191 in file ..\..\1_MCU\1_RX32H6\10_device\103_start\startup_rx32
h6xx.s




ARM Macro Assembler    Page 5 Alphabetic symbol ordering
Relocatable symbols

TIM2_IRQHandler 00000014

Symbol: TIM2_IRQHandler
   Definitions
      At line 210 in file ..\..\1_MCU\1_RX32H6\10_device\103_start\startup_rx32
h6xx.s
   Uses
      At line 104 in file ..\..\1_MCU\1_RX32H6\10_device\103_start\startup_rx32
h6xx.s
      At line 187 in file ..\..\1_MCU\1_RX32H6\10_device\103_start\startup_rx32
h6xx.s

TIM3_IRQHandler 00000014

Symbol: TIM3_IRQHandler
   Definitions
      At line 211 in file ..\..\1_MCU\1_RX32H6\10_device\103_start\startup_rx32
h6xx.s
   Uses
      At line 105 in file ..\..\1_MCU\1_RX32H6\10_device\103_start\startup_rx32
h6xx.s
      At line 188 in file ..\..\1_MCU\1_RX32H6\10_device\103_start\startup_rx32
h6xx.s

TIM6_IRQHandler 00000014

Symbol: TIM6_IRQHandler
   Definitions
      At line 212 in file ..\..\1_MCU\1_RX32H6\10_device\103_start\startup_rx32
h6xx.s
   Uses
      At line 106 in file ..\..\1_MCU\1_RX32H6\10_device\103_start\startup_rx32
h6xx.s
      At line 189 in file ..\..\1_MCU\1_RX32H6\10_device\103_start\startup_rx32
h6xx.s

TIM7_IRQHandler 00000014

Symbol: TIM7_IRQHandler
   Definitions
      At line 213 in file ..\..\1_MCU\1_RX32H6\10_device\103_start\startup_rx32
h6xx.s
   Uses
      At line 107 in file ..\..\1_MCU\1_RX32H6\10_device\103_start\startup_rx32
h6xx.s
      At line 190 in file ..\..\1_MCU\1_RX32H6\10_device\103_start\startup_rx32
h6xx.s

TIM8_BRK_UP_TRG_COM_IRQHandler 00000014

Symbol: TIM8_BRK_UP_TRG_COM_IRQHandler
   Definitions
      At line 208 in file ..\..\1_MCU\1_RX32H6\10_device\103_start\startup_rx32
h6xx.s
   Uses
      At line 102 in file ..\..\1_MCU\1_RX32H6\10_device\103_start\startup_rx32
h6xx.s
      At line 185 in file ..\..\1_MCU\1_RX32H6\10_device\103_start\startup_rx32
h6xx.s



ARM Macro Assembler    Page 6 Alphabetic symbol ordering
Relocatable symbols


TIM8_CC_IRQHandler 00000014

Symbol: TIM8_CC_IRQHandler
   Definitions
      At line 209 in file ..\..\1_MCU\1_RX32H6\10_device\103_start\startup_rx32
h6xx.s
   Uses
      At line 103 in file ..\..\1_MCU\1_RX32H6\10_device\103_start\startup_rx32
h6xx.s
      At line 186 in file ..\..\1_MCU\1_RX32H6\10_device\103_start\startup_rx32
h6xx.s

UART1_IRQHandler 00000014

Symbol: UART1_IRQHandler
   Definitions
      At line 219 in file ..\..\1_MCU\1_RX32H6\10_device\103_start\startup_rx32
h6xx.s
   Uses
      At line 116 in file ..\..\1_MCU\1_RX32H6\10_device\103_start\startup_rx32
h6xx.s
      At line 196 in file ..\..\1_MCU\1_RX32H6\10_device\103_start\startup_rx32
h6xx.s

UART2_IRQHandler 00000014

Symbol: UART2_IRQHandler
   Definitions
      At line 220 in file ..\..\1_MCU\1_RX32H6\10_device\103_start\startup_rx32
h6xx.s
   Uses
      At line 117 in file ..\..\1_MCU\1_RX32H6\10_device\103_start\startup_rx32
h6xx.s
      At line 197 in file ..\..\1_MCU\1_RX32H6\10_device\103_start\startup_rx32
h6xx.s

__user_initial_stackheap 00000018

Symbol: __user_initial_stackheap
   Definitions
      At line 244 in file ..\..\1_MCU\1_RX32H6\10_device\103_start\startup_rx32
h6xx.s
   Uses
      At line 243 in file ..\..\1_MCU\1_RX32H6\10_device\103_start\startup_rx32
h6xx.s
Comment: __user_initial_stackheap used once
29 symbols



ARM Macro Assembler    Page 1 Alphabetic symbol ordering
Absolute symbols

Heap_Size 00000000

Symbol: Heap_Size
   Definitions
      At line 56 in file ..\..\1_MCU\1_RX32H6\10_device\103_start\startup_rx32h
6xx.s
   Uses
      At line 60 in file ..\..\1_MCU\1_RX32H6\10_device\103_start\startup_rx32h
6xx.s
      At line 248 in file ..\..\1_MCU\1_RX32H6\10_device\103_start\startup_rx32
h6xx.s

Stack_Size 00000400

Symbol: Stack_Size
   Definitions
      At line 45 in file ..\..\1_MCU\1_RX32H6\10_device\103_start\startup_rx32h
6xx.s
   Uses
      At line 48 in file ..\..\1_MCU\1_RX32H6\10_device\103_start\startup_rx32h
6xx.s
      At line 247 in file ..\..\1_MCU\1_RX32H6\10_device\103_start\startup_rx32
h6xx.s

_RDefault FFFFFFFF

Symbol: _RDefault
   Definitions
      At line 136 in file ..\..\1_MCU\1_RX32H6\10_device\103_start\startup_rx32
h6xx.s
   Uses
      At line 141 in file ..\..\1_MCU\1_RX32H6\10_device\103_start\startup_rx32
h6xx.s
Comment: _RDefault used once
3 symbols



ARM Macro Assembler    Page 1 Alphabetic symbol ordering
External symbols

SystemInit 00000000

Symbol: SystemInit
   Definitions
      At line 139 in file ..\..\1_MCU\1_RX32H6\10_device\103_start\startup_rx32
h6xx.s
   Uses
      At line 142 in file ..\..\1_MCU\1_RX32H6\10_device\103_start\startup_rx32
h6xx.s
Comment: SystemInit used once
__main 00000000

Symbol: __main
   Definitions
      At line 140 in file ..\..\1_MCU\1_RX32H6\10_device\103_start\startup_rx32
h6xx.s
   Uses
      At line 144 in file ..\..\1_MCU\1_RX32H6\10_device\103_start\startup_rx32
h6xx.s
Comment: __main used once
__use_two_region_memory 00000000

Symbol: __use_two_region_memory
   Definitions
      At line 242 in file ..\..\1_MCU\1_RX32H6\10_device\103_start\startup_rx32
h6xx.s
   Uses
      None
Comment: __use_two_region_memory unused
3 symbols
379 symbols in table
